┌ batlog ────────────────────┐┌ 2 Apps · Brave Browser ────────────────────────────────────────────────────────────────┐
│ 88% · on battery · 5.0 W   │││                                 ██                                                    │
│ drain 5.6 %/hr             │││                                 ██                                                    │
│ left 15h 40m · macOS 15h 0…│││                                 ██                                                    │
│ top Brave Browser (75%)    │││▅▅                               ██                                                    │
│                            │││██                               ██                                                    │
│ health 90.0% · 396 cycles  │││██                               ██                                                    │
│ condition Normal           │││██                               ██                                                    │
│                            │││██                               ██                                                    │
│   1 Battery                │││██                               ██                                                    │
│ ▸ 2 Apps                   │││██                               ██                                                    │
│   3 Report                 ││└────────────────────────────────────────────────────────────────────────               │
│   4 Health                 ││ 00:00    03:00    06:00    09:00    12:00    15:00    18:00    21:00                   │
│                            ││                                                                                        │
│ range today                ││Brave Browser · 50% of app energy · ≈ 8% of battery                                     │
│ data  just now             ││busiest 11:00–12:00: 60% of its energy in the range                                     │
│                            ││                                                                                        │
│                            ││                                                                                        │
│                            ││                                                                                        │
│                            ││                                                                                        │
│                            ││                                                                                        │
│                            ││                                                                                        │
│                            ││                                                                                        │
│                            ││                                                                                        │
│                            ││                                                                                        │
│                            ││                                                                                        │
│                            ││                                                                                        │
│                            ││                                                                                        │
│                            ││                                                                                        │
│                            ││                                                                                        │
│                            ││                                                                                        │
│                            ││                                                                                        │
│                            ││                                                                                        │
│                            ││                                                                                        │
│                            ││                                                                                        │
│                            ││                                                                                        │
│                            ││                                                                                        │
│                            ││                                                                                        │
└────────────────────────────┘└────────────────────────────────────────────────────────────────────────────────────────┘
 esc back · 1-4 view · t today · w week · [ ] earlier/later · r refresh · q quit                                        