┌ batlog ────────────────────┐┌ 2 Apps · today ────────────────────────────────────────────────────────────────────────┐
│ 88% · on battery · 5.0 W   ││   #  APP                    SHARE               BATTERY COST                           │
│ drain 5.6 %/hr             ││▸  1  Brave Browser          50%    ████████████ ≈ 8% of battery                        │
│ left 15h 40m · macOS 15h 0…││   2  Xcode                  33%    ███████▏     ≈ 0%                                   │
│ top Brave Browser (75%)    ││   3  WindowServer ⚙         17%    ████▉        ≈ 3%                                   │
│                            ││                                                                                        │
│ health 90.0% · 396 cycles  ││                                                                                        │
│ condition Normal           ││                                                                                        │
│                            ││                                                                                        │
│   1 Battery                ││                                                                                        │
│ ▸ 2 Apps                   ││                                                                                        │
│   3 Report                 ││                                                                                        │
│   4 Health                 ││                                                                                        │
│                            ││                                                                                        │
│ range today                ││                                                                                        │
│ data  just now             ││                                                                                        │
│                            ││                                                                                        │
│                            ││                                                                                        │
│                            ││                                                                                        │
│                            ││                                                                                        │
│                            ││                                                                                        │
│                            ││                                                                                        │
│                            ││                                                                                        │
│                            ││                                                                                        │
│                            ││                                                                                        │
│                            ││                                                                                        │
│                            ││                                                                                        │
│                            ││                                                                                        │
│                            ││                                                                                        │
│                            ││                                                                                        │
│                            ││                                                                                        │
│                            ││                                                                                        │
│                            ││                                                                                        │
│                            ││                                                                                        │
│                            ││                                                                                        │
│                            ││                                                                                        │
│                            ││                                                                                        │
│                            ││shares are of app energy (kernel counters); battery cost is an estimate                 │
└────────────────────────────┘└────────────────────────────────────────────────────────────────────────────────────────┘
 1-4 view · ↑↓ select · enter open · t today · w week · [ ] earlier/later · r refresh · ? help · q quit                 