┌ batlog ────────────────────┐┌ 1 Battery · last 7 days ───────────────────────────────────────────────────────────────┐
│ 88% · on battery · 5.0 W   ││100│                                                                       ▅▂▅░░░       │
│ drain 5.6 %/hr             ││   │                                                                       ███░░░██     │
│ left 15h 40m · macOS 15h 0…││   │                                                                       ███░░░██     │
│ top Brave Browser (75%)    ││   │                                                                       ███░░░██     │
│                            ││ 50│                                                                       ███░░░██     │
│ health 90.0% · 396 cycles  ││   │                                                                       ███░░░██     │
│ condition Normal           ││   │                                                                       ███░░░██     │
│                            ││  0│                                                                       ███░░░██     │
│ ▸ 1 Battery                ││   └────────────────────────────────────────────────────────────────────────────────────│
│   2 Apps                   ││    Sun         Mon         Tue         Wed         Thu         Fri         Sat         │
│   3 Report                 ││on battery 3h 48m · on AC 1h 10m · asleep 8h 01m                                        │
│   4 Health                 ││                                                                                        │
│                            ││  ID            BATTERY  LENGTH  RESULT                                                 │
│ range last 7 days          ││▸ 0926-0200     100→88%  1h 58m  5.6 %/hr  (ongoing)                                    │
│ data  just now             ││  0926-0100  ⚡ 90→100%  1h 00m  full in 59m · 1m at 100%                               │
│                            ││  0925-2310     100→90%  1h 50m  5.5 %/hr                                               │
│                            ││                                                                                        │
│                            ││                                                                                        │
│                            ││                                                                                        │
│                            ││                                                                                        │
│                            ││                                                                                        │
│                            ││                                                                                        │
│                            ││                                                                                        │
│                            ││                                                                                        │
│                            ││                                                                                        │
│                            ││                                                                                        │
│                            ││                                                                                        │
│                            ││                                                                                        │
│                            ││                                                                                        │
│                            ││                                                                                        │
│                            ││                                                                                        │
│                            ││                                                                                        │
│                            ││                                                                                        │
│                            ││                                                                                        │
│                            ││                                                                                        │
│                            ││                                                                                        │
│                            ││                                                                                        │
└────────────────────────────┘└────────────────────────────────────────────────────────────────────────────────────────┘
 1-4 view · ↑↓ select · enter open · t today · w week · [ ] earlier/later · r refresh · ? help · q quit                 