┌ batlog ────────────────────┐┌ 1 Battery · charge 0926-0100 ──────────────────┐
│ 88% · on battery · 5.0 W   ││100│         ▓▓▓▓▓▓▓▓▓▓▓▓▓▓▓▓▓▓▓▓▓▓▓▓▓▓▓▓▓▓▓▓▓▓▓│
│ drain 5.6 %/hr             ││   │▓▓▓▓▓▓▓▓▓▓▓▓▓▓▓▓▓▓▓▓▓▓▓▓▓▓▓▓▓▓▓▓▓▓▓▓▓▓▓▓▓▓▓▓│
│ left 15h 40m · macOS 15h 0…││   │▓▓▓▓▓▓▓▓▓▓▓▓▓▓▓▓▓▓▓▓▓▓▓▓▓▓▓▓▓▓▓▓▓▓▓▓▓▓▓▓▓▓▓▓│
│ top Brave Browser (75%)    ││ 50│▓▓▓▓▓▓▓▓▓▓▓▓▓▓▓▓▓▓▓▓▓▓▓▓▓▓▓▓▓▓▓▓▓▓▓▓▓▓▓▓▓▓▓▓│
│                            ││   │▓▓▓▓▓▓▓▓▓▓▓▓▓▓▓▓▓▓▓▓▓▓▓▓▓▓▓▓▓▓▓▓▓▓▓▓▓▓▓▓▓▓▓▓│
│ health 90.0% · 396 cycles  ││   │▓▓▓▓▓▓▓▓▓▓▓▓▓▓▓▓▓▓▓▓▓▓▓▓▓▓▓▓▓▓▓▓▓▓▓▓▓▓▓▓▓▓▓▓│
│ condition Normal           ││  0│▓▓▓▓▓▓▓▓▓▓▓▓▓▓▓▓▓▓▓▓▓▓▓▓▓▓▓▓▓▓▓▓▓▓▓▓▓▓▓▓▓▓▓▓│
│                            ││   └────────────────────────────────────────────│
│ ▸ 1 Battery                ││    01:00                                       │
│   2 Apps                   ││                                                │
│   3 Report                 ││charge 0926-0100 · 01:00 → 02:00 · 90% → 100%   │
│   4 Health                 ││full in 59m                                     │
│                            ││1m at 100%                                      │
│ range today                ││                                                │
│ data  just now             ││                                                │
│                            ││                                                │
│                            ││                                                │
│                            ││                                                │
│                            ││                                                │
│                            ││                                                │
│                            ││                                                │
└────────────────────────────┘└────────────────────────────────────────────────┘
 esc back · 1-4 view · t today · w week · [ ] earlier/later · r refresh · q quit