┌ batlog ────────────────────┐┌ 1 Battery · session 0926-0200 ─────────────────┐
│ 88% · on battery · 5.0 W   ││100│▇▇▆▆▅░░░░░░░░░░░░░░░░░░░░░░░░░░░░░░░░░░▅▄▃▂▁│
│ drain 5.6 %/hr             ││   │█████░░░░░░░░░░░░░░░░░░░░░░░░░░░░░░░░░░█████│
│ left 15h 40m · macOS 15h 0…││   │█████░░░░░░░░░░░░░░░░░░░░░░░░░░░░░░░░░░█████│
│ top Brave Browser (75%)    ││ 50│█████░░░░░░░░░░░░░░░░░░░░░░░░░░░░░░░░░░█████│
│                            ││   │█████░░░░░░░░░░░░░░░░░░░░░░░░░░░░░░░░░░█████│
│ health 90.0% · 396 cycles  ││   │█████░░░░░░░░░░░░░░░░░░░░░░░░░░░░░░░░░░█████│
│ condition Normal           ││  0│█████░░░░░░░░░░░░░░░░░░░░░░░░░░░░░░░░░░█████│
│                            ││   └────────────────────────────────────────────│
│ ▸ 1 Battery                ││    02:00   04:00    06:00    08:00    10:00    │
│   2 Apps                   ││█ on battery  ▓ on AC  ░ asleep  blank: no data…│
│   3 Report                 ││                                                │
│   4 Health                 ││100% 02:00 → 90% 11:40 → now 88%                │
│                            ││                                                │
│ range today                ││⚡ session 0926-0200 · 02:00 → 03:00 · 59m awak…│
│ data  just now             ││ #   APP             SHARE   BATTERY COST       │
│                            ││ 1   Brave Browser   60%     ≈ 3% of battery    │
│                            ││                                                │
│                            ││                                                │
│                            ││                                                │
│                            ││                                                │
│                            ││                                                │
└────────────────────────────┘└────────────────────────────────────────────────┘
 esc back · ← → read the chart · 1-4 view · t today · w week · [ ] earlier/late…