┌ batlog ────────────────────┐┌ 1 Battery · Fri 25 Sep ────────────────────────────────────────────────────────────────┐
│ 88% · on battery · 5.0 W   ││100│                                                                                ▓▇▇▅│
│ drain 5.6 %/hr             ││   │                                                                                ▓███│
│ left 15h 40m · macOS 15h 0…││   │                                                                                ▓███│
│ top Brave Browser (75%)    ││   │                                                                                ▓███│
│                            ││ 50│                                                                                ▓███│
│ health 90.0% · 396 cycles  ││   │                                                                                ▓███│
│ condition Normal           ││   │                                                                                ▓███│
│                            ││  0│                                                                                ▓███│
│ ▸ 1 Battery                ││   └────────────────────────────────────────────────────────────────────────────────────│
│   2 Apps                   ││    00:00  02:00  04:00  06:00  08:00  10:00  12:00  14:00  16:00  18:00  20:00  22:00  │
│   3 Report                 ││█ on battery  ▓ on AC  ░ asleep  blank: no data · ← → read a time                       │
│   4 Health                 ││                                                                                        │
│                            ││on battery 50m · on AC 10m · asleep 0m                                                  │
│ range Fri 25 Sep           ││                                                                                        │
│ data  just now             ││  ID            BATTERY  LENGTH  RESULT                                                 │
│                            ││▸ 0925-2310     100→90%  1h 50m  5.5 %/hr                                               │
│                            ││                                                                                        │
│                            ││                                                                                        │
│                            ││                                                                                        │
│                            ││                                                                                        │
│                            ││                                                                                        │
│                            ││                                                                                        │
│                            ││                                                                                        │
│                            ││                                                                                        │
│                            ││                                                                                        │
│                            ││                                                                                        │
│                            ││                                                                                        │
│                            ││                                                                                        │
│                            ││                                                                                        │
│                            ││                                                                                        │
│                            ││                                                                                        │
│                            ││                                                                                        │
│                            ││                                                                                        │
│                            ││                                                                                        │
│                            ││                                                                                        │
│                            ││                                                                                        │
│                            ││                                                                                        │
└────────────────────────────┘└────────────────────────────────────────────────────────────────────────────────────────┘
 1-4 view · ↑↓ select · ← → read the chart · enter open · t today · w week · [ ] earlier/later · ? help · q quit        